// Jest Snapshot v1, https://goo.gl/fbAQLP

exports[`ScreenContentFrame Component Rendering should match to snapshot 1`] = `
<SafeAreaView
  style={
    Object {
      "flex": 1,
    }
  }
>
  <StatusBar
    animated={false}
    backgroundColor="#ffffff"
    barStyle="dark-content"
    showHideTransition="fade"
  />
  <View />
</SafeAreaView>
`;
